---
source: tui/tests/suite/focus_palette.rs
expression: failure.trim()
---
Error: managed standalone Codex install not found at [CODEX_HOME]/packages/app-server-daemon/current/bin/codex

This command requires the standalone install managed by the UnieAI installer, because the daemon starts and updates app-server from that fixed path.

Install it with:
  curl -fsSL https://www.unieai.com/code/install.sh | sh

Then rerun the command you just tried.
To work without the background server, rerun the same command with --no-daemon (including resume or fork and its arguments).
