---
source: tui/src/bottom_pane/list_selection_view.rs
expression: render_lines(&view)
---
                                                
  Select Approval Mode                          
  Switch between UnieAI Code approval presets   
                                                
› 1. Read Only (current)  UnieAI Code can read  
                          files                 
  2. Full Access          UnieAI Code can edit  
                          files                 
                                                
  Press enter to confirm or esc to go back
