---
source: tui/src/history_cell/tests.rs
assertion_line: 1587
expression: rendered
---
╭───────────────────────────────────────╮
│ >_ UnieAI Code (vtest)                │
│                                       │
│ model:       gpt-5   /model to change │
│ directory:   /tmp/project             │
│ permissions: YOLO mode                │
╰───────────────────────────────────────╯
