---
source: tui/src/history_cell/tests.rs
expression: rendered
---
╭────────────────────────────────────────────╮
│ ████████  Welcome to UnieAI Code!          │
│ ████████  Send /help for help information. │
│ ████████  (vtest)                          │
│                                            │
│ model:       gpt-5   /model to change      │
│ directory:   /tmp/project                  │
│ permissions: YOLO mode                     │
╰────────────────────────────────────────────╯
